// Jest Snapshot v1, https://goo.gl/fbAQLP

exports[`pkgtoc 1 columns should match snapshot 1`] = `null`;

exports[`pkgtoc 1 columns should match snapshot with shields 1`] = `null`;

exports[`pkgtoc 2 columns should match snapshot 1`] = `null`;

exports[`pkgtoc 2 columns should match snapshot w/ shields 1`] = `null`;

exports[`pkgtoc 3 columns should match snapshot 1`] = `null`;

exports[`pkgtoc 3 columns should match snapshot w/ shields 1`] = `null`;

exports[`pkgtoc colors should match snapshot 1`] = `null`;

exports[`pkgtoc colors should match snapshot with auto shields 1`] = `null`;

exports[`pkgtoc colors should match snapshot with shields 1`] = `null`;

exports[`pkgtoc default should match snapshot 1`] = `null`;
